20:34:07 - WARNING - dingo.fitting - [KinematicsFitter] summary.r_fit is deprecated under (x,y) origin=(0,0). Prefer explicit cutouts/centers in the config.
20:34:07 - WARNING - [KinematicsFitter] summary.r_fit is deprecated under (x,y) origin=(0,0). Prefer explicit cutouts/centers in the config.
20:34:07 - INFO - dingo.fitting - [KinematicsFitter] using coordinate unit = pix
20:34:07 - INFO - [KinematicsFitter] using coordinate unit = pix
20:34:07 - INFO - cutouts: R=(-50, 24, 81, 81) C=(43, -2, 81, 81)
20:34:07 - INFO - dingo.fitting - Starting fitting stage 1/2: method=Adam
20:34:07 - INFO - Starting fitting stage 1/2: method=Adam
20:34:08 - INFO - dingo.fitting - Stage 1, Step 1, loss=0.87001, lr=0.05000xy_iters=(17, 28)
20:34:08 - INFO - Stage 1, Step 1, loss=0.87001, lr=0.05000xy_iters=(17, 28)
20:34:09 - INFO - dingo.fitting - Stage 1, Step 100, loss=0.1087, lr=0.05000xy_iters=(8, 6)
20:34:09 - INFO - Stage 1, Step 100, loss=0.1087, lr=0.05000xy_iters=(8, 6)
20:34:10 - INFO - dingo.fitting - Stage 1, Step 200, loss=0.099093, lr=0.05000xy_iters=(8, 4)
20:34:10 - INFO - Stage 1, Step 200, loss=0.099093, lr=0.05000xy_iters=(8, 4)
20:34:11 - INFO - dingo.fitting - Stage 1, Step 300, loss=0.098251, lr=0.05000xy_iters=(8, 6)
20:34:11 - INFO - Stage 1, Step 300, loss=0.098251, lr=0.05000xy_iters=(8, 6)
20:34:12 - INFO - dingo.fitting - Stage 1, Step 400, loss=0.09826, lr=0.05000xy_iters=(10, 4)
20:34:12 - INFO - Stage 1, Step 400, loss=0.09826, lr=0.05000xy_iters=(10, 4)
20:34:13 - INFO - dingo.fitting - Stage 1, Step 500, loss=0.097975, lr=0.05000xy_iters=(7, 6)
20:34:13 - INFO - Stage 1, Step 500, loss=0.097975, lr=0.05000xy_iters=(7, 6)
20:34:14 - INFO - dingo.fitting - Stage 1, Step 600, loss=0.09798, lr=0.05000xy_iters=(13, 6)
20:34:14 - INFO - Stage 1, Step 600, loss=0.09798, lr=0.05000xy_iters=(13, 6)
20:34:15 - INFO - dingo.fitting - Stage 1, Step 700, loss=0.098028, lr=0.05000xy_iters=(9, 6)
20:34:15 - INFO - Stage 1, Step 700, loss=0.098028, lr=0.05000xy_iters=(9, 6)
20:34:16 - INFO - dingo.fitting - Stage 1, Step 800, loss=0.098428, lr=0.05000xy_iters=(11, 8)
20:34:16 - INFO - Stage 1, Step 800, loss=0.098428, lr=0.05000xy_iters=(11, 8)
20:34:17 - INFO - dingo.fitting - Stage 1, Step 900, loss=0.097947, lr=0.05000xy_iters=(6, 5)
20:34:17 - INFO - Stage 1, Step 900, loss=0.097947, lr=0.05000xy_iters=(6, 5)
20:34:18 - INFO - dingo.fitting - Stage 1, Step 1000, loss=0.098051, lr=0.05000xy_iters=(11, 5)
20:34:18 - INFO - Stage 1, Step 1000, loss=0.098051, lr=0.05000xy_iters=(11, 5)
20:34:19 - INFO - dingo.fitting - Stage 1, Step 1100, loss=0.09793, lr=0.03535xy_iters=(8, 4)
20:34:19 - INFO - Stage 1, Step 1100, loss=0.09793, lr=0.03535xy_iters=(8, 4)
20:34:20 - INFO - dingo.fitting - Stage 1, Step 1200, loss=0.097914, lr=0.03535xy_iters=(5, 2)
20:34:20 - INFO - Stage 1, Step 1200, loss=0.097914, lr=0.03535xy_iters=(5, 2)
20:34:21 - INFO - dingo.fitting - Stage 1, Step 1300, loss=0.097948, lr=0.03535xy_iters=(6, 4)
20:34:21 - INFO - Stage 1, Step 1300, loss=0.097948, lr=0.03535xy_iters=(6, 4)
20:34:22 - INFO - dingo.fitting - Stage 1, Step 1400, loss=0.097914, lr=0.03535xy_iters=(11, 3)
20:34:22 - INFO - Stage 1, Step 1400, loss=0.097914, lr=0.03535xy_iters=(11, 3)
20:34:23 - INFO - dingo.fitting - Stage 1, Step 1500, loss=0.097913, lr=0.03535xy_iters=(7, 5)
20:34:23 - INFO - Stage 1, Step 1500, loss=0.097913, lr=0.03535xy_iters=(7, 5)
20:34:24 - INFO - dingo.fitting - Stage 1, Step 1600, loss=0.097965, lr=0.03535xy_iters=(13, 6)
20:34:24 - INFO - Stage 1, Step 1600, loss=0.097965, lr=0.03535xy_iters=(13, 6)
20:34:25 - INFO - dingo.fitting - Stage 1, Step 1700, loss=0.097932, lr=0.03535xy_iters=(5, 5)
20:34:25 - INFO - Stage 1, Step 1700, loss=0.097932, lr=0.03535xy_iters=(5, 5)
20:34:26 - INFO - dingo.fitting - Stage 1, Step 1800, loss=0.098014, lr=0.03535xy_iters=(11, 4)
20:34:26 - INFO - Stage 1, Step 1800, loss=0.098014, lr=0.03535xy_iters=(11, 4)
20:34:27 - INFO - dingo.fitting - Stage 1, Step 1900, loss=0.09813, lr=0.03535xy_iters=(9, 8)
20:34:27 - INFO - Stage 1, Step 1900, loss=0.09813, lr=0.03535xy_iters=(9, 8)
20:34:28 - INFO - dingo.fitting - Stage 1, Step 2000, loss=0.098191, lr=0.03535xy_iters=(12, 3)
20:34:28 - INFO - Stage 1, Step 2000, loss=0.098191, lr=0.03535xy_iters=(12, 3)
20:34:29 - INFO - dingo.fitting - Stage 1, Step 2100, loss=0.097914, lr=0.02499xy_iters=(2, 2)
20:34:29 - INFO - Stage 1, Step 2100, loss=0.097914, lr=0.02499xy_iters=(2, 2)
20:34:29 - INFO - dingo.fitting - Stage 1, Step 2200, loss=0.097901, lr=0.02499xy_iters=(7, 3)
20:34:29 - INFO - Stage 1, Step 2200, loss=0.097901, lr=0.02499xy_iters=(7, 3)
20:34:30 - INFO - dingo.fitting - Stage 1, Step 2300, loss=0.097909, lr=0.02499xy_iters=(8, 4)
20:34:30 - INFO - Stage 1, Step 2300, loss=0.097909, lr=0.02499xy_iters=(8, 4)
20:34:31 - INFO - dingo.fitting - Stage 1, Step 2400, loss=0.097914, lr=0.02499xy_iters=(8, 4)
20:34:31 - INFO - Stage 1, Step 2400, loss=0.097914, lr=0.02499xy_iters=(8, 4)
20:34:31 - INFO - dingo.fitting - Stage 1, Step 2500, loss=0.097902, lr=0.02499xy_iters=(5, 4)
20:34:31 - INFO - Stage 1, Step 2500, loss=0.097902, lr=0.02499xy_iters=(5, 4)
20:34:31 - INFO - dingo.fitting - Starting fitting stage 2/2: method=Adam
20:34:31 - INFO - Starting fitting stage 2/2: method=Adam
20:34:31 - INFO - dingo.fitting - Stage 2, Step 1, loss=0.097904, lr=0.00300xy_iters=(28, 18)
20:34:31 - INFO - Stage 2, Step 1, loss=0.097904, lr=0.00300xy_iters=(28, 18)
20:34:32 - INFO - dingo.fitting - Stage 2, Step 100, loss=0.097904, lr=0.00300xy_iters=(2, 0)
20:34:32 - INFO - Stage 2, Step 100, loss=0.097904, lr=0.00300xy_iters=(2, 0)
20:34:32 - INFO - dingo.fitting - Stage 2, Step 200, loss=0.097919, lr=0.00212xy_iters=(0, 0)
20:34:32 - INFO - Stage 2, Step 200, loss=0.097919, lr=0.00212xy_iters=(0, 0)
20:34:33 - INFO - dingo.fitting - Stage 2, Step 300, loss=0.097916, lr=0.00150xy_iters=(0, 0)
20:34:33 - INFO - Stage 2, Step 300, loss=0.097916, lr=0.00150xy_iters=(0, 0)
20:34:33 - INFO - dingo.fitting - Stage 2, Step 400, loss=0.097914, lr=0.00106xy_iters=(2, 2)
20:34:33 - INFO - Stage 2, Step 400, loss=0.097914, lr=0.00106xy_iters=(2, 2)
20:34:33 - INFO - dingo.fitting - Stage 2, Step 500, loss=0.097916, lr=0.00075xy_iters=(0, 0)
20:34:33 - INFO - Stage 2, Step 500, loss=0.097916, lr=0.00075xy_iters=(0, 0)
20:34:33 - INFO - dingo.fitting - Stage 2, Step 600, loss=0.097927, lr=0.00053xy_iters=(0, 0)
20:34:33 - INFO - Stage 2, Step 600, loss=0.097927, lr=0.00053xy_iters=(0, 0)
20:34:34 - INFO - dingo.fitting - Stage 2, Step 700, loss=0.09793, lr=0.00037xy_iters=(0, 0)
20:34:34 - INFO - Stage 2, Step 700, loss=0.09793, lr=0.00037xy_iters=(0, 0)
20:34:34 - INFO - dingo.fitting - Stage 2, Step 800, loss=0.09793, lr=0.00026xy_iters=(0, 0)
20:34:34 - INFO - Stage 2, Step 800, loss=0.09793, lr=0.00026xy_iters=(0, 0)
20:34:34 - INFO - dingo.fitting - Stage 2, Step 900, loss=0.09793, lr=0.00019xy_iters=(0, 0)
20:34:34 - INFO - Stage 2, Step 900, loss=0.09793, lr=0.00019xy_iters=(0, 0)
20:34:34 - INFO - dingo.fitting - Stage 2, Step 1000, loss=0.09793, lr=0.00013xy_iters=(0, 0)
20:34:34 - INFO - Stage 2, Step 1000, loss=0.09793, lr=0.00013xy_iters=(0, 0)
20:34:35 - INFO - dingo.fitting - Stage 2, Step 1100, loss=0.09793, lr=0.00009xy_iters=(0, 0)
20:34:35 - INFO - Stage 2, Step 1100, loss=0.09793, lr=0.00009xy_iters=(0, 0)
20:34:35 - INFO - dingo.fitting - Stage 2, Step 1200, loss=0.09793, lr=0.00007xy_iters=(0, 0)
20:34:35 - INFO - Stage 2, Step 1200, loss=0.09793, lr=0.00007xy_iters=(0, 0)
20:34:35 - INFO - dingo.fitting - Stage 2, Step 1300, loss=0.09793, lr=0.00005xy_iters=(0, 0)
20:34:35 - INFO - Stage 2, Step 1300, loss=0.09793, lr=0.00005xy_iters=(0, 0)
20:34:36 - INFO - dingo.fitting - Stage 2, Step 1400, loss=0.09793, lr=0.00003xy_iters=(0, 0)
20:34:36 - INFO - Stage 2, Step 1400, loss=0.09793, lr=0.00003xy_iters=(0, 0)
20:34:36 - INFO - dingo.fitting - Stage 2, Step 1500, loss=0.09793, lr=0.00002xy_iters=(0, 0)
20:34:36 - INFO - Stage 2, Step 1500, loss=0.09793, lr=0.00002xy_iters=(0, 0)
20:34:36 - INFO - --- Adam MAP ---
20:34:36 - INFO -   V_rot      = 506.3810
20:34:36 - INFO -   R_v        = 3.3139
20:34:36 - INFO -   x0_v       = 42.4160
20:34:36 - INFO -   y0_v       = 41.3248
20:34:36 - INFO -   theta_v    = 2.3275
20:34:36 - INFO -   inc_v      = 0.5043
20:34:36 - INFO -   R  dx,dy  = 0.6417, 0.4044
20:34:36 - INFO -   C  dx,dy  = -0.2724, -0.3908
20:34:36 - INFO - dingo.fitting - [MCMC] sampling the free parameters of fitting stage 1
20:34:36 - INFO - [MCMC] sampling the free parameters of fitting stage 1
20:34:36 - INFO - dingo.fitting - [MCMC] skipping array parameter result.emline_model (6561 elements)
20:34:36 - INFO - [MCMC] skipping array parameter result.emline_model (6561 elements)
20:34:36 - INFO - dingo.fitting - [MCMC] noise model frozen: sigma_R=0.0037841 sigma_C=0.0038251 var_base=2.8951e-05 N_pix=6298/6561 (mask drops 1.6% of the flux)
20:34:36 - INFO - [MCMC] noise model frozen: sigma_R=0.0037841 sigma_C=0.0038251 var_base=2.8951e-05 N_pix=6298/6561 (mask drops 1.6% of the flux)
20:34:37 - INFO - dingo.fitting - [MCMC] ndim=11 nwalkers=32 nburn=2000 nsteps=8000; params=['velocity.V_rot', 'velocity.R_v', 'velocity.x0_v', 'velocity.y0_v', 'velocity.theta_v', 'velocity.inc_v', 'image.R.dx', 'image.R.dy', 'image.C.dx', 'image.C.dy', 'noise.ln_f']
20:34:37 - INFO - [MCMC] ndim=11 nwalkers=32 nburn=2000 nsteps=8000; params=['velocity.V_rot', 'velocity.R_v', 'velocity.x0_v', 'velocity.y0_v', 'velocity.theta_v', 'velocity.inc_v', 'image.R.dx', 'image.R.dy', 'image.C.dx', 'image.C.dy', 'noise.ln_f']
20:34:37 - INFO - dingo.fitting - [MCMC] lnP(theta0)=25437.8
20:34:37 - INFO - [MCMC] lnP(theta0)=25437.8
20:34:38 - INFO - dingo.fitting - MCMC step 1/10000, acc=0.531, max lnP=25741.1
20:34:38 - INFO - MCMC step 1/10000, acc=0.531, max lnP=25741.1
20:37:16 - INFO - dingo.fitting - MCMC step 200/10000, acc=0.156, max lnP=25952.7
20:37:16 - INFO - MCMC step 200/10000, acc=0.156, max lnP=25952.7
20:39:40 - INFO - dingo.fitting - MCMC step 400/10000, acc=0.143, max lnP=25951.6
20:39:40 - INFO - MCMC step 400/10000, acc=0.143, max lnP=25951.6
20:40:51 - INFO - dingo.fitting - [MCMC] checkpoint at step 500 -> ../mcmc_results/ID15665_chain_checkpoint.npz
20:40:51 - INFO - [MCMC] checkpoint at step 500 -> ../mcmc_results/ID15665_chain_checkpoint.npz
20:42:02 - INFO - dingo.fitting - MCMC step 600/10000, acc=0.130, max lnP=25951.9
20:42:02 - INFO - MCMC step 600/10000, acc=0.130, max lnP=25951.9
20:44:34 - INFO - dingo.fitting - MCMC step 800/10000, acc=0.129, max lnP=25951.9
20:44:34 - INFO - MCMC step 800/10000, acc=0.129, max lnP=25951.9
20:46:59 - INFO - dingo.fitting - MCMC step 1000/10000, acc=0.129, max lnP=25952.9
20:46:59 - INFO - MCMC step 1000/10000, acc=0.129, max lnP=25952.9
20:46:59 - INFO - dingo.fitting - [MCMC] checkpoint at step 1000 -> ../mcmc_results/ID15665_chain_checkpoint.npz
20:46:59 - INFO - [MCMC] checkpoint at step 1000 -> ../mcmc_results/ID15665_chain_checkpoint.npz
20:49:25 - INFO - dingo.fitting - MCMC step 1200/10000, acc=0.127, max lnP=25952.1
20:49:25 - INFO - MCMC step 1200/10000, acc=0.127, max lnP=25952.1
20:51:44 - INFO - dingo.fitting - MCMC step 1400/10000, acc=0.126, max lnP=25954
20:51:44 - INFO - MCMC step 1400/10000, acc=0.126, max lnP=25954
20:53:06 - INFO - dingo.fitting - [MCMC] checkpoint at step 1500 -> ../mcmc_results/ID15665_chain_checkpoint.npz
20:53:06 - INFO - [MCMC] checkpoint at step 1500 -> ../mcmc_results/ID15665_chain_checkpoint.npz
20:54:17 - INFO - dingo.fitting - MCMC step 1600/10000, acc=0.126, max lnP=25951.9
20:54:17 - INFO - MCMC step 1600/10000, acc=0.126, max lnP=25951.9
20:57:07 - INFO - dingo.fitting - MCMC step 1800/10000, acc=0.128, max lnP=25951.5
20:57:07 - INFO - MCMC step 1800/10000, acc=0.128, max lnP=25951.5
20:59:58 - INFO - dingo.fitting - MCMC step 2000/10000, acc=0.128, max lnP=25952.2
20:59:58 - INFO - MCMC step 2000/10000, acc=0.128, max lnP=25952.2
20:59:58 - INFO - dingo.fitting - [MCMC] checkpoint at step 2000 -> ../mcmc_results/ID15665_chain_checkpoint.npz
20:59:58 - INFO - [MCMC] checkpoint at step 2000 -> ../mcmc_results/ID15665_chain_checkpoint.npz
21:02:49 - INFO - dingo.fitting - MCMC step 2200/10000, acc=0.129, max lnP=25952
21:02:49 - INFO - MCMC step 2200/10000, acc=0.129, max lnP=25952
21:05:34 - INFO - dingo.fitting - MCMC step 2400/10000, acc=0.129, max lnP=25953.3
21:05:34 - INFO - MCMC step 2400/10000, acc=0.129, max lnP=25953.3
21:06:52 - INFO - dingo.fitting - [MCMC] checkpoint at step 2500 -> ../mcmc_results/ID15665_chain_checkpoint.npz
21:06:52 - INFO - [MCMC] checkpoint at step 2500 -> ../mcmc_results/ID15665_chain_checkpoint.npz
21:08:10 - INFO - dingo.fitting - MCMC step 2600/10000, acc=0.130, max lnP=25952.2
21:08:10 - INFO - MCMC step 2600/10000, acc=0.130, max lnP=25952.2
21:10:45 - INFO - dingo.fitting - MCMC step 2800/10000, acc=0.129, max lnP=25952.4
21:10:45 - INFO - MCMC step 2800/10000, acc=0.129, max lnP=25952.4
21:14:17 - INFO - dingo.fitting - MCMC step 3000/10000, acc=0.129, max lnP=25952
21:14:17 - INFO - MCMC step 3000/10000, acc=0.129, max lnP=25952
21:14:17 - INFO - dingo.fitting - [MCMC] checkpoint at step 3000 -> ../mcmc_results/ID15665_chain_checkpoint.npz
21:14:17 - INFO - [MCMC] checkpoint at step 3000 -> ../mcmc_results/ID15665_chain_checkpoint.npz
21:17:02 - INFO - dingo.fitting - MCMC step 3200/10000, acc=0.129, max lnP=25952.4
21:17:02 - INFO - MCMC step 3200/10000, acc=0.129, max lnP=25952.4
21:19:45 - INFO - dingo.fitting - MCMC step 3400/10000, acc=0.130, max lnP=25952.6
21:19:45 - INFO - MCMC step 3400/10000, acc=0.130, max lnP=25952.6
21:21:19 - INFO - dingo.fitting - [MCMC] checkpoint at step 3500 -> ../mcmc_results/ID15665_chain_checkpoint.npz
21:21:19 - INFO - [MCMC] checkpoint at step 3500 -> ../mcmc_results/ID15665_chain_checkpoint.npz
21:23:43 - INFO - dingo.fitting - MCMC step 3600/10000, acc=0.130, max lnP=25953.1
21:23:43 - INFO - MCMC step 3600/10000, acc=0.130, max lnP=25953.1
21:28:59 - INFO - dingo.fitting - MCMC step 3800/10000, acc=0.131, max lnP=25952.3
21:28:59 - INFO - MCMC step 3800/10000, acc=0.131, max lnP=25952.3
21:31:34 - INFO - dingo.fitting - MCMC step 4000/10000, acc=0.133, max lnP=25951.7
21:31:34 - INFO - MCMC step 4000/10000, acc=0.133, max lnP=25951.7
21:31:34 - INFO - dingo.fitting - [MCMC] checkpoint at step 4000 -> ../mcmc_results/ID15665_chain_checkpoint.npz
21:31:34 - INFO - [MCMC] checkpoint at step 4000 -> ../mcmc_results/ID15665_chain_checkpoint.npz
21:34:03 - INFO - dingo.fitting - MCMC step 4200/10000, acc=0.133, max lnP=25952.8
21:34:03 - INFO - MCMC step 4200/10000, acc=0.133, max lnP=25952.8
21:38:23 - INFO - dingo.fitting - MCMC step 4400/10000, acc=0.133, max lnP=25951.7
21:38:23 - INFO - MCMC step 4400/10000, acc=0.133, max lnP=25951.7
21:40:54 - INFO - dingo.fitting - [MCMC] checkpoint at step 4500 -> ../mcmc_results/ID15665_chain_checkpoint.npz
21:40:54 - INFO - [MCMC] checkpoint at step 4500 -> ../mcmc_results/ID15665_chain_checkpoint.npz
21:42:11 - INFO - dingo.fitting - MCMC step 4600/10000, acc=0.132, max lnP=25952.2
21:42:11 - INFO - MCMC step 4600/10000, acc=0.132, max lnP=25952.2
21:44:44 - INFO - dingo.fitting - MCMC step 4800/10000, acc=0.132, max lnP=25953.7
21:44:44 - INFO - MCMC step 4800/10000, acc=0.132, max lnP=25953.7
21:47:07 - INFO - dingo.fitting - MCMC step 5000/10000, acc=0.132, max lnP=25951.8
21:47:07 - INFO - MCMC step 5000/10000, acc=0.132, max lnP=25951.8
21:47:08 - INFO - dingo.fitting - [MCMC] checkpoint at step 5000 -> ../mcmc_results/ID15665_chain_checkpoint.npz
21:47:08 - INFO - [MCMC] checkpoint at step 5000 -> ../mcmc_results/ID15665_chain_checkpoint.npz
21:49:36 - INFO - dingo.fitting - MCMC step 5200/10000, acc=0.131, max lnP=25952.6
21:49:36 - INFO - MCMC step 5200/10000, acc=0.131, max lnP=25952.6
21:52:01 - INFO - dingo.fitting - MCMC step 5400/10000, acc=0.131, max lnP=25952.2
21:52:01 - INFO - MCMC step 5400/10000, acc=0.131, max lnP=25952.2
21:53:13 - INFO - dingo.fitting - [MCMC] checkpoint at step 5500 -> ../mcmc_results/ID15665_chain_checkpoint.npz
21:53:13 - INFO - [MCMC] checkpoint at step 5500 -> ../mcmc_results/ID15665_chain_checkpoint.npz
21:54:52 - INFO - dingo.fitting - MCMC step 5600/10000, acc=0.131, max lnP=25952.1
21:54:52 - INFO - MCMC step 5600/10000, acc=0.131, max lnP=25952.1
21:57:27 - INFO - dingo.fitting - MCMC step 5800/10000, acc=0.131, max lnP=25953
21:57:27 - INFO - MCMC step 5800/10000, acc=0.131, max lnP=25953
22:00:02 - INFO - dingo.fitting - MCMC step 6000/10000, acc=0.131, max lnP=25951.4
22:00:02 - INFO - MCMC step 6000/10000, acc=0.131, max lnP=25951.4
22:00:02 - INFO - dingo.fitting - [MCMC] checkpoint at step 6000 -> ../mcmc_results/ID15665_chain_checkpoint.npz
22:00:02 - INFO - [MCMC] checkpoint at step 6000 -> ../mcmc_results/ID15665_chain_checkpoint.npz
22:02:36 - INFO - dingo.fitting - MCMC step 6200/10000, acc=0.131, max lnP=25952.1
22:02:36 - INFO - MCMC step 6200/10000, acc=0.131, max lnP=25952.1
22:05:48 - INFO - dingo.fitting - MCMC step 6400/10000, acc=0.131, max lnP=25952.6
22:05:48 - INFO - MCMC step 6400/10000, acc=0.131, max lnP=25952.6
22:06:59 - INFO - dingo.fitting - [MCMC] checkpoint at step 6500 -> ../mcmc_results/ID15665_chain_checkpoint.npz
22:06:59 - INFO - [MCMC] checkpoint at step 6500 -> ../mcmc_results/ID15665_chain_checkpoint.npz
22:08:14 - INFO - dingo.fitting - MCMC step 6600/10000, acc=0.131, max lnP=25952.9
22:08:14 - INFO - MCMC step 6600/10000, acc=0.131, max lnP=25952.9
22:10:41 - INFO - dingo.fitting - MCMC step 6800/10000, acc=0.131, max lnP=25953.3
22:10:41 - INFO - MCMC step 6800/10000, acc=0.131, max lnP=25953.3
22:13:07 - INFO - dingo.fitting - MCMC step 7000/10000, acc=0.131, max lnP=25952.2
22:13:07 - INFO - MCMC step 7000/10000, acc=0.131, max lnP=25952.2
22:13:07 - INFO - dingo.fitting - [MCMC] checkpoint at step 7000 -> ../mcmc_results/ID15665_chain_checkpoint.npz
22:13:07 - INFO - [MCMC] checkpoint at step 7000 -> ../mcmc_results/ID15665_chain_checkpoint.npz
22:15:39 - INFO - dingo.fitting - MCMC step 7200/10000, acc=0.131, max lnP=25952.9
22:15:39 - INFO - MCMC step 7200/10000, acc=0.131, max lnP=25952.9
22:18:08 - INFO - dingo.fitting - MCMC step 7400/10000, acc=0.132, max lnP=25952.2
22:18:08 - INFO - MCMC step 7400/10000, acc=0.132, max lnP=25952.2
22:19:19 - INFO - dingo.fitting - [MCMC] checkpoint at step 7500 -> ../mcmc_results/ID15665_chain_checkpoint.npz
22:19:19 - INFO - [MCMC] checkpoint at step 7500 -> ../mcmc_results/ID15665_chain_checkpoint.npz
22:20:35 - INFO - dingo.fitting - MCMC step 7600/10000, acc=0.132, max lnP=25953
22:20:35 - INFO - MCMC step 7600/10000, acc=0.132, max lnP=25953
22:22:59 - INFO - dingo.fitting - MCMC step 7800/10000, acc=0.132, max lnP=25952.8
22:22:59 - INFO - MCMC step 7800/10000, acc=0.132, max lnP=25952.8
22:25:31 - INFO - dingo.fitting - MCMC step 8000/10000, acc=0.132, max lnP=25952.1
22:25:31 - INFO - MCMC step 8000/10000, acc=0.132, max lnP=25952.1
22:25:31 - INFO - dingo.fitting - [MCMC] checkpoint at step 8000 -> ../mcmc_results/ID15665_chain_checkpoint.npz
22:25:31 - INFO - [MCMC] checkpoint at step 8000 -> ../mcmc_results/ID15665_chain_checkpoint.npz
22:27:55 - INFO - dingo.fitting - MCMC step 8200/10000, acc=0.131, max lnP=25953.4
22:27:55 - INFO - MCMC step 8200/10000, acc=0.131, max lnP=25953.4
22:30:25 - INFO - dingo.fitting - MCMC step 8400/10000, acc=0.131, max lnP=25953.2
22:30:25 - INFO - MCMC step 8400/10000, acc=0.131, max lnP=25953.2
22:31:40 - INFO - dingo.fitting - [MCMC] checkpoint at step 8500 -> ../mcmc_results/ID15665_chain_checkpoint.npz
22:31:40 - INFO - [MCMC] checkpoint at step 8500 -> ../mcmc_results/ID15665_chain_checkpoint.npz
22:32:55 - INFO - dingo.fitting - MCMC step 8600/10000, acc=0.131, max lnP=25952.5
22:32:55 - INFO - MCMC step 8600/10000, acc=0.131, max lnP=25952.5
22:35:32 - INFO - dingo.fitting - MCMC step 8800/10000, acc=0.131, max lnP=25951.8
22:35:32 - INFO - MCMC step 8800/10000, acc=0.131, max lnP=25951.8
22:38:05 - INFO - dingo.fitting - MCMC step 9000/10000, acc=0.131, max lnP=25952.6
22:38:05 - INFO - MCMC step 9000/10000, acc=0.131, max lnP=25952.6
22:38:06 - INFO - dingo.fitting - [MCMC] checkpoint at step 9000 -> ../mcmc_results/ID15665_chain_checkpoint.npz
22:38:06 - INFO - [MCMC] checkpoint at step 9000 -> ../mcmc_results/ID15665_chain_checkpoint.npz
22:40:44 - INFO - dingo.fitting - MCMC step 9200/10000, acc=0.131, max lnP=25952.6
22:40:44 - INFO - MCMC step 9200/10000, acc=0.131, max lnP=25952.6
22:43:11 - INFO - dingo.fitting - MCMC step 9400/10000, acc=0.131, max lnP=25952.9
22:43:11 - INFO - MCMC step 9400/10000, acc=0.131, max lnP=25952.9
22:44:27 - INFO - dingo.fitting - [MCMC] checkpoint at step 9500 -> ../mcmc_results/ID15665_chain_checkpoint.npz
22:44:27 - INFO - [MCMC] checkpoint at step 9500 -> ../mcmc_results/ID15665_chain_checkpoint.npz
22:45:40 - INFO - dingo.fitting - MCMC step 9600/10000, acc=0.131, max lnP=25951.7
22:45:40 - INFO - MCMC step 9600/10000, acc=0.131, max lnP=25951.7
22:48:13 - INFO - dingo.fitting - MCMC step 9800/10000, acc=0.131, max lnP=25952.1
22:48:13 - INFO - MCMC step 9800/10000, acc=0.131, max lnP=25952.1
22:50:47 - INFO - dingo.fitting - MCMC step 10000/10000, acc=0.131, max lnP=25952.7
22:50:47 - INFO - MCMC step 10000/10000, acc=0.131, max lnP=25952.7
22:50:47 - INFO - dingo.fitting - [MCMC] checkpoint at step 10000 -> ../mcmc_results/ID15665_chain_checkpoint.npz
22:50:47 - INFO - [MCMC] checkpoint at step 10000 -> ../mcmc_results/ID15665_chain_checkpoint.npz
22:50:47 - INFO - dingo.fitting - [MCMC] done: 10000 steps, 256000 post-burn-in samples, acc=0.131
22:50:47 - INFO - [MCMC] done: 10000 steps, 256000 post-burn-in samples, acc=0.131
22:50:48 - INFO - dingo.fitting - [MCMC] chain saved to /Users/aakavan/Astro_Research/Galaxy_Kinematics/DINGO_development/mcmc_results/ID15665_chain.npz
22:50:48 - INFO - [MCMC] chain saved to /Users/aakavan/Astro_Research/Galaxy_Kinematics/DINGO_development/mcmc_results/ID15665_chain.npz
22:50:48 - INFO - --- posterior: median, -16th, +84th ---
22:50:48 - INFO -   velocity.V_rot           530.6952  -28.1680 +32.6614
22:50:48 - INFO -   velocity.R_v               3.3866  -0.0558 +0.0542
22:50:48 - INFO -   velocity.x0_v             42.4767  -0.0711 +0.0780
22:50:48 - INFO -   velocity.y0_v             41.4021  -0.0742 +0.1481
22:50:48 - INFO -   velocity.theta_v           2.3254  -0.0089 +0.0063
22:50:48 - INFO -   velocity.inc_v             0.4812  -0.0304 +0.0298
22:50:48 - INFO -   image.R.dx                 0.6374  -0.0149 +0.0155
22:50:48 - INFO -   image.R.dy                 0.4031  -0.0103 +0.0103
22:50:48 - INFO -   image.C.dx                -0.2701  -0.0095 +0.0097
22:50:48 - INFO -   image.C.dy                -0.3943  -0.0145 +0.0144
22:50:48 - INFO -   noise.ln_f                -0.3156  -0.0087 +0.0088
22:50:48 - INFO -   velocity.Vsini           245.5947  -1.6023 +1.6638
22:50:48 - INFO - --- diagnostics ---
22:50:48 - INFO -   acceptance   mean=0.131 min=0.121 max=0.141 (want 0.2-0.5)
22:50:48 - INFO -   -inf fraction  0
22:50:48 - INFO -   n_steps/tau  worst = 51.3 for velocity.V_rot (want > 50)
22:50:48 - INFO -     velocity.V_rot       tau=   156.1  n/tau=   51.3  split-half shift=0.063 sigma
22:50:48 - INFO -     velocity.R_v         tau=    84.0  n/tau=   95.3  split-half shift=0.021 sigma
22:50:48 - INFO -     velocity.x0_v        tau=    90.4  n/tau=   88.5  split-half shift=0.032 sigma
22:50:48 - INFO -     velocity.y0_v        tau=   121.9  n/tau=   65.6  split-half shift=0.003 sigma
22:50:48 - INFO -     velocity.theta_v     tau=   139.8  n/tau=   57.2  split-half shift=0.069 sigma
22:50:48 - INFO -     velocity.inc_v       tau=   155.4  n/tau=   51.5  split-half shift=0.079 sigma
22:50:48 - INFO -     image.R.dx           tau=    83.0  n/tau=   96.4  split-half shift=0.035 sigma
22:50:48 - INFO -     image.R.dy           tau=    71.6  n/tau=  111.8  split-half shift=0.001 sigma
22:50:48 - INFO -     image.C.dx           tau=    68.7  n/tau=  116.4  split-half shift=0.055 sigma
22:50:48 - INFO -     image.C.dy           tau=    82.5  n/tau=   96.9  split-half shift=0.029 sigma
22:50:48 - INFO -     noise.ln_f           tau=    71.7  n/tau=  111.6  split-half shift=0.036 sigma
22:50:48 - INFO - --- posterior MAP vs Adam MAP (in posterior sigma) ---
22:50:48 - INFO -   velocity.V_rot       +0.67 sigma
22:50:48 - INFO -   velocity.R_v         +1.23 sigma
22:50:48 - INFO -   velocity.x0_v        +0.48 sigma
22:50:48 - INFO -   velocity.y0_v        +0.46 sigma
22:50:48 - INFO -   velocity.theta_v     -0.11 sigma
22:50:48 - INFO -   velocity.inc_v       -0.70 sigma
22:50:48 - INFO -   image.R.dx           -0.12 sigma
22:50:48 - INFO -   image.R.dy           +0.02 sigma
22:50:48 - INFO -   image.C.dx           -0.58 sigma
22:50:48 - INFO -   image.C.dy           -0.01 sigma
22:50:48 - INFO - --- derived (kpc/pixel = 0.517 at z=1.123) ---
22:50:48 - INFO -   R_v [kpc]                  1.7504  -0.0288 +0.0280
22:50:48 - INFO -   log10 M_dyn(<2 kpc)      10.5855  -0.0461 +0.0515
22:50:48 - INFO -   log10 M_dyn(<5 kpc)      11.3054  -0.0465 +0.0517
22:50:50 - INFO - Found 'auto' as default backend, checking available backends
22:50:50 - INFO - Matplotlib is available, defining as default backend
22:50:50 - INFO - arviz_base 1.2.0 available, exposing its functions as part of the `arviz` namespace
22:50:50 - INFO - arviz_stats 1.2.0 available, exposing its functions as part of the `arviz` namespace
22:50:50 - INFO - arviz_plots 1.2.0 available, exposing its functions as part of the `arviz` namespace
22:50:57 - INFO - plots written to /Users/aakavan/Astro_Research/Galaxy_Kinematics/DINGO_development/mcmc_results
22:50:57 - INFO - IMPORTANT: these posterior widths are the raw likelihood widths. The R-C residuals are spatially correlated, so they must be multiplied by the inflation factors measured by validate_mcmc.py before being quoted.
