
========================================================================
ID 15665
========================================================================
ID15665 MAP: V_rot=506.03 inc=0.4948 (28.35 deg) Vsini=240.27 R_v=3.310 px

  inc rad  inc deg  V_rot@Vsini  dchi2 cond  dchi2 prof  V_rot fitted
   0.1500     8.59       1607.9        4.58       31.37        1613.2
   0.2125    12.18       1139.3        3.75       29.44        1139.7
   0.2750    15.76        884.8        2.87        0.00         891.0
   0.3375    19.34        725.6        0.93       31.80         727.5
   0.4000    22.92        617.0        0.00       31.73         617.3
   0.4625    26.50        538.5        2.08       37.83         540.6
   0.5250    30.08        479.4        8.54       41.95         481.0
   0.5875    33.66        433.5       18.94       49.50         437.2
   0.6500    37.24        397.0       40.60       61.88         401.0
   0.7125    40.82        367.5       71.85       80.32         373.9
   0.7750    44.40        343.4      117.19      123.86         356.6
   0.8375    47.99        323.4      180.12      103.78         333.4
   0.9000    51.57        306.7      263.93      192.68         321.0
   0.9625    55.15        292.8      377.73      272.33         309.1
   1.0250    58.73        281.1      528.73      368.19         299.8
   1.0875    62.31        271.4      745.71      486.30         279.6
   1.1500    65.89        263.2      971.23      586.85         270.9
   1.2125    69.47        256.6     1095.93      627.17         275.4
   1.2750    73.05        251.2     1270.31      814.64         263.8
   1.3375    76.63        247.0     1707.02     1025.86         277.9
   1.4000    80.21        243.8     2687.93     1374.53         308.0

profile minimum at inc = 0.2750 rad (15.76 deg)
delta chi2 < 1 spans 0.2750-0.2750 rad (15.8-15.8 deg)
profile range: dchi2 = 0.00 to 1374.53
VERDICT: the profile is CURVED -- inclination IS constrained; the information is there

========================================================================
ID 8910
========================================================================
ID8910 MAP: V_rot=558.42 inc=1.3135 (75.26 deg) Vsini=540.04 R_v=8.657 px

  inc rad  inc deg  V_rot@Vsini  dchi2 cond  dchi2 prof  V_rot fitted
   0.1500     8.59       3613.8      155.03      135.02        3589.8
   0.2125    12.18       2560.6      154.05      130.39        2514.5
   0.2750    15.76       1988.8      151.02      145.03        1954.5
   0.3375    19.34       1630.9      147.39      138.70        1621.7
   0.4000    22.92       1386.8      142.50      129.57        1333.8
   0.4625    26.50       1210.3      137.06        0.00        1228.4
   0.5250    30.08       1077.5      131.58       17.72        1106.9
   0.5875    33.66        974.3      132.00      386.09         968.8
   0.6500    37.24        892.4      141.65      109.34         898.1
   0.7125    40.82        826.1      165.69      120.72         877.3
   0.7750    44.40        771.8      197.66       48.62         752.2
   0.8375    47.99        726.9      188.26       18.76         746.5
   0.9000    51.57        689.4      175.88       53.71         665.8
   0.9625    55.15        658.1      136.86       86.13         665.0
   1.0250    58.73        631.8      102.41      230.22         615.8
   1.0875    62.31        609.9       84.39       40.88         605.1
   1.1500    65.89        591.7       84.70       52.10         610.5
   1.2125    69.47        576.7      105.61      250.09         600.7
   1.2750    73.05        564.6        0.00      299.95         610.5
   1.3375    76.63        555.1        9.27      197.04         574.0
   1.4000    80.21        548.0        6.48       73.00         533.6

profile minimum at inc = 0.4625 rad (26.50 deg)
delta chi2 < 1 spans 0.4625-0.4625 rad (26.5-26.5 deg)
profile range: dchi2 = 0.00 to 386.09
VERDICT: the profile is CURVED -- inclination IS constrained; the information is there

plot -> /Users/aakavan/Astro_Research/Galaxy_Kinematics/DINGO_development/results/inclination_scan.png
